c:\mike\school\games tech\games-tech-asteroids-cw\in2026 coursework code\vc\asteroids\debug\vc143.pdb
c:\mike\school\games tech\games-tech-asteroids-cw\in2026 coursework code\vc\asteroids\debug\vc143.idb
c:\mike\school\games tech\games-tech-asteroids-cw\in2026 coursework code\vc\asteroids\debug\asteroid.obj
c:\mike\school\games tech\games-tech-asteroids-cw\in2026 coursework code\vc\asteroids\debug\asteroids.obj
c:\mike\school\games tech\games-tech-asteroids-cw\in2026 coursework code\vc\asteroids\debug\bullet.obj
c:\mike\school\games tech\games-tech-asteroids-cw\in2026 coursework code\vc\asteroids\debug\explosion.obj
c:\mike\school\games tech\games-tech-asteroids-cw\in2026 coursework code\vc\asteroids\debug\main.obj
c:\mike\school\games tech\games-tech-asteroids-cw\in2026 coursework code\vc\asteroids\debug\spaceship.obj
c:\mike\school\games tech\games-tech-asteroids-cw\in2026 coursework code\vc\asteroids\debug\extralifepowerup.obj
c:\mike\school\games tech\games-tech-asteroids-cw\in2026 coursework code\vc\asteroids\debug\spiralbullet.obj
c:\mike\school\games tech\games-tech-asteroids-cw\in2026 coursework code\bin\asteroids.exe
c:\mike\school\games tech\games-tech-asteroids-cw\in2026 coursework code\vc\asteroids\debug\asteroids.ilk
c:\mike\school\games tech\games-tech-asteroids-cw\in2026 coursework code\vc\asteroids\debug\asteroids.pdb
c:\mike\school\games tech\games-tech-asteroids-cw\in2026 coursework code\vc\asteroids\debug\player.obj
c:\mike\school\games tech\games-tech-asteroids-cw\in2026 coursework code\vc\asteroids\debug\asteroids.tlog\cl.command.1.tlog
c:\mike\school\games tech\games-tech-asteroids-cw\in2026 coursework code\vc\asteroids\debug\asteroids.tlog\cl.items.tlog
c:\mike\school\games tech\games-tech-asteroids-cw\in2026 coursework code\vc\asteroids\debug\asteroids.tlog\cl.read.1.tlog
c:\mike\school\games tech\games-tech-asteroids-cw\in2026 coursework code\vc\asteroids\debug\asteroids.tlog\cl.write.1.tlog
c:\mike\school\games tech\games-tech-asteroids-cw\in2026 coursework code\vc\asteroids\debug\asteroids.tlog\link.command.1.tlog
c:\mike\school\games tech\games-tech-asteroids-cw\in2026 coursework code\vc\asteroids\debug\asteroids.tlog\link.read.1.tlog
c:\mike\school\games tech\games-tech-asteroids-cw\in2026 coursework code\vc\asteroids\debug\asteroids.tlog\link.write.1.tlog
