c:\mike\school\games tech\games-tech-asteroids-cw\in2026 coursework code\lib\engine.pdb
c:\mike\school\games tech\games-tech-asteroids-cw\in2026 coursework code\lib\engine.idb
c:\mike\school\games tech\games-tech-asteroids-cw\in2026 coursework code\vc\engine\debug\gamedisplay.obj
c:\mike\school\games tech\games-tech-asteroids-cw\in2026 coursework code\vc\engine\debug\gameobject.obj
c:\mike\school\games tech\games-tech-asteroids-cw\in2026 coursework code\vc\engine\debug\gameobjecttype.obj
c:\mike\school\games tech\games-tech-asteroids-cw\in2026 coursework code\vc\engine\debug\gamesession.obj
c:\mike\school\games tech\games-tech-asteroids-cw\in2026 coursework code\vc\engine\debug\gamewindow.obj
c:\mike\school\games tech\games-tech-asteroids-cw\in2026 coursework code\vc\engine\debug\gameworld.obj
c:\mike\school\games tech\games-tech-asteroids-cw\in2026 coursework code\vc\engine\debug\glutsession.obj
c:\mike\school\games tech\games-tech-asteroids-cw\in2026 coursework code\vc\engine\debug\glutwindow.obj
c:\mike\school\games tech\games-tech-asteroids-cw\in2026 coursework code\vc\engine\debug\glvector.obj
c:\mike\school\games tech\games-tech-asteroids-cw\in2026 coursework code\vc\engine\debug\guicomponent.obj
c:\mike\school\games tech\games-tech-asteroids-cw\in2026 coursework code\vc\engine\debug\guicontainer.obj
c:\mike\school\games tech\games-tech-asteroids-cw\in2026 coursework code\vc\engine\debug\guiicon.obj
c:\mike\school\games tech\games-tech-asteroids-cw\in2026 coursework code\vc\engine\debug\guilabel.obj
c:\mike\school\games tech\games-tech-asteroids-cw\in2026 coursework code\vc\engine\debug\image.obj
c:\mike\school\games tech\games-tech-asteroids-cw\in2026 coursework code\vc\engine\debug\imagemanager.obj
c:\mike\school\games tech\games-tech-asteroids-cw\in2026 coursework code\vc\engine\debug\movementcontroller.obj
c:\mike\school\games tech\games-tech-asteroids-cw\in2026 coursework code\vc\engine\debug\shape.obj
c:\mike\school\games tech\games-tech-asteroids-cw\in2026 coursework code\vc\engine\debug\sprite.obj
c:\mike\school\games tech\games-tech-asteroids-cw\in2026 coursework code\vc\engine\debug\texture.obj
c:\mike\school\games tech\games-tech-asteroids-cw\in2026 coursework code\vc\engine\debug\texturemanager.obj
c:\mike\school\games tech\games-tech-asteroids-cw\in2026 coursework code\vc\engine\debug\animation.obj
c:\mike\school\games tech\games-tech-asteroids-cw\in2026 coursework code\vc\engine\debug\animationmanager.obj
c:\mike\school\games tech\games-tech-asteroids-cw\in2026 coursework code\lib\engine.lib
c:\mike\school\games tech\games-tech-asteroids-cw\in2026 coursework code\vc\asteroids\debug\..\..\..\lib\engine.pdb
c:\mike\school\games tech\games-tech-asteroids-cw\in2026 coursework code\vc\engine\debug\engine.tlog\cl.command.1.tlog
c:\mike\school\games tech\games-tech-asteroids-cw\in2026 coursework code\vc\engine\debug\engine.tlog\cl.items.tlog
c:\mike\school\games tech\games-tech-asteroids-cw\in2026 coursework code\vc\engine\debug\engine.tlog\cl.read.1.tlog
c:\mike\school\games tech\games-tech-asteroids-cw\in2026 coursework code\vc\engine\debug\engine.tlog\cl.write.1.tlog
c:\mike\school\games tech\games-tech-asteroids-cw\in2026 coursework code\vc\engine\debug\engine.tlog\lib-link.write.1.tlog
c:\mike\school\games tech\games-tech-asteroids-cw\in2026 coursework code\vc\engine\debug\engine.tlog\lib.command.1.tlog
c:\mike\school\games tech\games-tech-asteroids-cw\in2026 coursework code\vc\engine\debug\engine.tlog\lib.read.1.tlog
